 # gnuplot ascii DataFile
 # META: M4_VERSION(), M4_FLAVOUR()
 #  F
 # FDTD                
 # En                  
 # N                   
 #           26
 #            0         250          10
 #  F
 #            9
 #            5          45           1
 #            5          45           1
 #            5          45           1

           5           5           5   0.00000000000000     
          45           5           5   0.00000000000000     
           5          45           5   0.00000000000000     
          45          45           5   0.00000000000000     
          25          25          25   0.00000000000000     
           5           5          45   0.00000000000000     
          45           5          45   0.00000000000000     
           5          45          45   0.00000000000000     
          45          45          45   0.00000000000000     

           5           5           5   0.00000000000000     
          45           5           5   0.00000000000000     
           5          45           5   0.00000000000000     
          45          45           5   0.00000000000000     
          25          25          25  7.125534786609933E-003
           5           5          45   0.00000000000000     
          45           5          45   0.00000000000000     
           5          45          45   0.00000000000000     
          45          45          45   0.00000000000000     

           5           5           5   0.00000000000000     
          45           5           5   0.00000000000000     
           5          45           5   0.00000000000000     
          45          45           5   0.00000000000000     
          25          25          25  1.888600189886347E-002
           5           5          45   0.00000000000000     
          45           5          45   0.00000000000000     
           5          45          45   0.00000000000000     
          45          45          45   0.00000000000000     

           5           5           5   0.00000000000000     
          45           5           5   0.00000000000000     
           5          45           5   0.00000000000000     
          45          45           5   0.00000000000000     
          25          25          25  6.391248316504061E-003
           5           5          45   0.00000000000000     
          45           5          45   0.00000000000000     
           5          45          45   0.00000000000000     
          45          45          45   0.00000000000000     

           5           5           5   0.00000000000000     
          45           5           5   0.00000000000000     
           5          45           5   0.00000000000000     
          45          45           5   0.00000000000000     
          25          25          25  5.224491562694311E-002
           5           5          45   0.00000000000000     
          45           5          45   0.00000000000000     
           5          45          45   0.00000000000000     
          45          45          45   0.00000000000000     

           5           5           5   0.00000000000000     
          45           5           5   0.00000000000000     
           5          45           5   0.00000000000000     
          45          45           5   0.00000000000000     
          25          25          25  0.542916361242533     
           5           5          45   0.00000000000000     
          45           5          45   0.00000000000000     
           5          45          45   0.00000000000000     
          45          45          45   0.00000000000000     

           5           5           5  7.260404366604689E-008
          45           5           5  7.260404366604689E-008
           5          45           5  7.260404366604689E-008
          45          45           5  7.260404366604689E-008
          25          25          25   1.77617826312780     
           5           5          45  7.260404366604689E-008
          45           5          45  7.260404366604689E-008
           5          45          45  7.260404366604689E-008
          45          45          45  7.260404366604689E-008

           5           5           5  1.033282188700468E-007
          45           5           5  9.130258682432668E-008
           5          45           5  9.130258860068352E-008
          45          45           5  8.088632563740816E-008
          25          25          25   2.97608888056129     
           5           5          45  6.484368775261373E-008
          45           5          45  5.162780292167213E-008
           5          45          45  5.162780380985055E-008
          45          45          45  4.002129028179979E-008

           5           5           5  1.676655447813147E-008
          45           5           5  5.710027095580905E-002
           5          45           5  5.710027188713207E-002
          45          45           5  8.283245749771595E-002
          25          25          25   2.62850976552207     
           5           5          45  0.512674637138844     
          45           5          45  0.661304606124759     
           5          45          45  0.661304606124759     
          45          45          45  0.778560803271830     

           5           5           5  6.845595912352564E-008
          45           5           5   1727486.15625000     
           5          45           5   1727486.15625000     
          45          45           5   2455406.06250000     
          25          25          25  0.880559159195400     
           5           5          45   19884409.0000000     
          45           5          45   24938657.3750000     
           5          45          45   24938657.3750000     
          45          45          45   28988464.4062500     

           5           5           5  2.679097814706211E-007
          45           5           5   29936493264896.0     
           5          45           5   29936493264896.0     
          45          45           5   41817685360640.0     
          25          25          25   733.467346191406     
           5           5          45   427973517770752.     
          45           5          45   525311292211200.     
           5          45          45   525311283298304.     
          45          45          45   604349887676416.     

           5           5           5  1.250785492956652E-007
          45           5           5  3.493283263560150E+020
           5          45           5  3.493283263560150E+020
          45          45           5  4.806434332688840E+020
          25          25          25   1458439040.00000     
           5           5          45  6.056267671777166E+021
          45           5          45  7.307546428851366E+021
           5          45          45  7.307546424453320E+021
          45          45          45  8.334631224594598E+021

           5           5           5  5.940207393225848E-008
          45           5           5  3.042953725536931E+027
           5          45           5  3.042953762430419E+027
          45          45           5  4.130347635933991E+027
          25          25          25  2.938165954347008E+015
           5           5          45  6.279989482396128E+028
          45           5          45  7.472809353836932E+028
           5          45          45  7.472809353836932E+028
          45          45          45  8.460035890697897E+028

           5           5           5  2.303455356594819E-007
          45           5           5  2.121225530400734E+034
           5          45           5  2.121225561349235E+034
          45          45           5  2.843476500664741E+034
          25          25          25  5.980482363885170E+021
           5           5          45  5.134174286232738E+035
          45           5          45  6.039449758114032E+035
           5          45          45  6.039449758114032E+035
          45          45          45  6.793080171762100E+035

           5           5           5  0.772082788986154     
          45           5           5               +Infinity
           5          45           5               +Infinity
          45          45           5               +Infinity
          25          25          25  1.228276837840227E+028
           5           5          45               +Infinity
          45           5          45               +Infinity
           5          45          45               +Infinity
          45          45          45               +Infinity

           5           5           5   3829361.07226563     
          45           5           5               +Infinity
           5          45           5               +Infinity
          45          45           5               +Infinity
          25          25          25  2.542624049067846E+034
           5           5          45               +Infinity
          45           5          45               +Infinity
           5          45          45               +Infinity
          45          45          45               +Infinity

           5           5           5   17315384946688.0     
          45           5           5               +Infinity
           5          45           5               +Infinity
          45          45           5               +Infinity
          25          25          25               +Infinity
           5           5          45               +Infinity
          45           5          45               +Infinity
           5          45          45               +Infinity
          45          45          45               +Infinity

           5           5           5  7.248002418052642E+019
          45           5           5               +Infinity
           5          45           5               +Infinity
          45          45           5               +Infinity
          25          25          25               +Infinity
           5           5          45               +Infinity
          45           5          45               +Infinity
           5          45          45               +Infinity
          45          45          45               +Infinity

           5           5           5  2.841783128453154E+026
          45           5           5               +Infinity
           5          45           5               +Infinity
          45          45           5               +Infinity
          25          25          25               +Infinity
           5           5          45               +Infinity
          45           5          45               +Infinity
           5          45          45               +Infinity
          45          45          45               +Infinity

           5           5           5  1.053562168617839E+033
          45           5           5               +Infinity
           5          45           5               +Infinity
          45          45           5               +Infinity
          25          25          25               +Infinity
           5           5          45               +Infinity
          45           5          45               +Infinity
           5          45          45               +Infinity
          45          45          45               +Infinity

           5           5           5               +Infinity
          45           5           5               +Infinity
           5          45           5               +Infinity
          45          45           5               +Infinity
          25          25          25               +Infinity
           5           5          45               +Infinity
          45           5          45               +Infinity
           5          45          45               +Infinity
          45          45          45               +Infinity

           5           5           5               +Infinity
          45           5           5               +Infinity
           5          45           5               +Infinity
          45          45           5               +Infinity
          25          25          25               +Infinity
           5           5          45               +Infinity
          45           5          45               +Infinity
           5          45          45               +Infinity
          45          45          45               +Infinity

           5           5           5               +Infinity
          45           5           5               +Infinity
           5          45           5               +Infinity
          45          45           5               +Infinity
          25          25          25               +Infinity
           5           5          45               +Infinity
          45           5          45               +Infinity
           5          45          45               +Infinity
          45          45          45               +Infinity

           5           5           5               +Infinity
          45           5           5               +Infinity
           5          45           5               +Infinity
          45          45           5               +Infinity
          25          25          25               +Infinity
           5           5          45               +Infinity
          45           5          45               +Infinity
           5          45          45               +Infinity
          45          45          45               +Infinity

           5           5           5               +Infinity
          45           5           5               +Infinity
           5          45           5               +Infinity
          45          45           5               +Infinity
          25          25          25               +Infinity
           5           5          45               +Infinity
          45           5          45               +Infinity
           5          45          45               +Infinity
          45          45          45               +Infinity

           5           5           5               +Infinity
          45           5           5               +Infinity
           5          45           5               +Infinity
          45          45           5               +Infinity
          25          25          25               +Infinity
           5           5          45               +Infinity
          45           5          45               +Infinity
           5          45          45               +Infinity
          45          45          45               +Infinity
